这是一条日志
